// Jest Snapshot v1, https://goo.gl/fbAQLP

exports[`AppReviewsService Component AppReviewsService should render App to the DOM 1`] = `
<div
  className="App"
>
  <ReviewSummary
    length={0}
    onClick={[Function]}
    resetHomes={[Function]}
    reviews={Array []}
    searched={false}
  />
  <ReviewList
    host={null}
    reviews={Array []}
  />
</div>
`;
