// Jest Snapshot v1, https://goo.gl/fbAQLP

exports[`<Review /> should render properly 1`] = `
<div>
  <ReviewWithoutComments
    FlagClick={[MockFunction]}
    review={
      Object {
        "created": "",
        "host_comments": "",
        "house_id": "",
        "name": "",
        "photo": "",
        "rating": "",
        "review": "",
      }
    }
  />
  <HostComments
    host={
      Object {
        "created": "",
        "name": "",
        "photo": "",
      }
    }
    review={
      Object {
        "created": "",
        "host_comments": "",
        "house_id": "",
        "name": "",
        "photo": "",
        "rating": "",
        "review": "",
      }
    }
  />
  <div
    className="bottom"
  />
</div>
`;
